// Jest Snapshot v1, https://goo.gl/fbAQLP

exports[`<Loading /> renders <Loading.ReleaseBody/> 1`] = `null`;

exports[`<Loading /> renders <Loading/> 1`] = `
<div
  class="sc-jRQBWg fUKguS"
  data-testid="loading"
>
  <img
    class="sc-gKclnd fgPqYR"
    data-testid="loading-picture"
    src="/images/users//images/abhi.jpg.png"
  />
</div>
`;
